// Jest Snapshot v1, https://goo.gl/fbAQLP

exports[`<Cart /> spec Snapshot test 1`] = `
<div
  class="cart"
  data-testid="cart"
>
  <div
    class="cart__title"
  >
    <span
      class="cart__close-icon"
    >
      +
    </span>
    <h3>
      Meus Produtos
    </h3>
  </div>
  <div
    class="cart__freight-calc"
  >
    <input
      placeholder="Calcular CEP"
      type="text"
      value="48901180"
    />
  </div>
  <div
    class="cart__content"
  >
    <div
      class="cart-item"
      data-testid="cart-item"
    >
      <div
        class="cart-item__thumb"
      >
        <div
          class="cart-item__close"
          data-testid="cart-item-close"
        >
          <div>
            +
          </div>
        </div>
        <img
          src="http://uri.com/mock/1"
        />
      </div>
      <div
        class="cart-item__info"
      >
        <h3
          class="cart-item__name"
        >
          Test Name 1
        </h3>
        <div
          class="cart-item__content"
        >
          <div
            class="cart-item__info-left"
          >
            <div
              class="cart-item__code"
            >
              Cod. 
              123
            </div>
            <div
              class="quantity-field"
              data-testid="quantity-field"
            >
              <button
                class="quantity-field__btn-decrement"
                data-testid="decrease-button"
              >
                <div>
                  -
                </div>
              </button>
              <input
                class="quantity-field__value"
                type="text"
                value="3"
              />
              <button
                class="quantity-field__btn-increment"
                data-testid="increment-button"
              >
                <div>
                  +
                </div>
              </button>
            </div>
          </div>
          <div
            class="cart-item__info-right"
          >
            <div
              class="cart-item__from-price"
            >
              2.849,90
            </div>
            <div
              class="cart-item__to-price"
            >
              1.849,90
            </div>
          </div>
        </div>
      </div>
    </div>
    <div
      class="cart-item"
      data-testid="cart-item"
    >
      <div
        class="cart-item__thumb"
      >
        <div
          class="cart-item__close"
          data-testid="cart-item-close"
        >
          <div>
            +
          </div>
        </div>
        <img
          src="http://uri.com/mock/2"
        />
      </div>
      <div
        class="cart-item__info"
      >
        <h3
          class="cart-item__name"
        >
          Test Name 2
        </h3>
        <div
          class="cart-item__content"
        >
          <div
            class="cart-item__info-left"
          >
            <div
              class="cart-item__code"
            >
              Cod. 
              124
            </div>
            <div
              class="quantity-field"
              data-testid="quantity-field"
            >
              <button
                class="quantity-field__btn-decrement"
                data-testid="decrease-button"
              >
                <div>
                  -
                </div>
              </button>
              <input
                class="quantity-field__value"
                type="text"
                value="1"
              />
              <button
                class="quantity-field__btn-increment"
                data-testid="increment-button"
              >
                <div>
                  +
                </div>
              </button>
            </div>
          </div>
          <div
            class="cart-item__info-right"
          >
            <div
              class="cart-item__from-price"
            >
              849,90
            </div>
            <div
              class="cart-item__to-price"
            >
              649,90
            </div>
          </div>
        </div>
      </div>
    </div>
  </div>
  <div
    class="cart__freight-display"
  >
    <span>
      Frete:
    </span>
    <span>
      10
    </span>
  </div>
  <div
    class="cart__subtotal"
  >
    <span>
      Subtotal:
    </span>
    <span>
      R$ 
      6199.60
    </span>
  </div>
  <div
    class="cart__buy-button"
  >
    <button>
      Comprar
    </button>
  </div>
</div>
`;
