// Jest Snapshot v1, https://goo.gl/fbAQLP

exports[`<CartItem /> spec Snapshot test 1`] = `
<div
  class="cart-item"
  data-testid="cart-item"
>
  <div
    class="cart-item__thumb"
  >
    <div
      class="cart-item__close"
      data-testid="cart-item-close"
    >
      <div>
        +
      </div>
    </div>
    <img
      src="http://uri.com/mock"
    />
  </div>
  <div
    class="cart-item__info"
  >
    <h3
      class="cart-item__name"
    >
      Test Name
    </h3>
    <div
      class="cart-item__content"
    >
      <div
        class="cart-item__info-left"
      >
        <div
          class="cart-item__code"
        >
          Cod. 
          123
        </div>
      </div>
      <div
        class="cart-item__info-right"
      >
        <div
          class="cart-item__from-price"
        >
          2.849,90
        </div>
        <div
          class="cart-item__to-price"
        >
          1.849,90
        </div>
      </div>
    </div>
  </div>
</div>
`;
